Waiting for MongoDBCommunity resource to reach Running phase...
mongodbcommunity.mongodbcommunity.mongodb.com/mdbc-rs condition met

MongoDBCommunity resource
NAME      PHASE     VERSION
mdbc-rs   Running   8.2.0

Pods running in cluster kind-kind
NAME                                           READY   STATUS    RESTARTS   AGE
mdbc-rs-0                                      2/2     Running   0          2m30s
mdbc-rs-1                                      2/2     Running   0          86s
mdbc-rs-2                                      2/2     Running   0          39s
mongodb-kubernetes-operator-57c6f46b47-zhbbx   1/1     Running   0          2m34s
