Waiting for deployment "mongodb-kubernetes-operator" rollout to finish: 0 of 1 updated replicas are available...
deployment "mongodb-kubernetes-operator" successfully rolled out
Operator deployment in mongodb namespace
NAME                          READY   UP-TO-DATE   AVAILABLE   AGE
mongodb-kubernetes-operator   1/1     1            1           3s

Operator pod in mongodb namespace
NAME                                           READY   STATUS    RESTARTS   AGE
mongodb-kubernetes-operator-57c6f46b47-lpddz   1/1     Running   0          3s
