
MongoDBCommunity resource
NAME      PHASE     VERSION
mdbc-rs   Running   8.0.10

MongoDBSearch resource
NAME      PHASE     AGE
mdbc-rs   Running   5m21s

Pods running in cluster kind-kind
NAME                                          READY   STATUS    RESTARTS        AGE
mdbc-rs-0                                     2/2     Running   1 (32s ago)     7m52s
mdbc-rs-1                                     2/2     Running   1 (3m7s ago)    6m48s
mdbc-rs-2                                     2/2     Running   1 (111s ago)    6m1s
mdbc-rs-search-0                              1/1     Running   4 (4m20s ago)   5m21s
mongodb-kubernetes-operator-fc996f567-s2s8s   1/1     Running   0               7m55s
