{
  cursor: {
    id: 0,
    ns: 'sample_mflix.movies',
    firstBatch: [
      {
        id: '68f24b321c22627c1a91a8f6',
        name: 'default',
        type: 'search',
        latestDefinition: {
          indexID: ObjectId('68f24b321c22627c1a91a8f6'),
          name: 'default',
          database: 'sample_mflix',
          lastObservedCollectionName: 'movies',
          collectionUUID: UUID('10772a0f-dfc9-45a8-ab89-f1e4b96a9a5e'),
          numPartitions: 1,
          mappings: { dynamic: true, fields: {} },
          indexFeatureVersion: 3
        }
      }
    ]
  },
  ok: 1,
  '$clusterTime': {
    clusterTime: Timestamp({ t: 1760709483, i: 1 }),
    signature: {
      hash: Binary.createFromBase64('s9er1Hi5hmaFyg/4euw6u99oRos=', 0),
      keyId: Long('7562187989384691717')
    }
  },
  operationTime: Timestamp({ t: 1760709483, i: 1 })
}
