{
  cursor: {
    id: 0,
    ns: 'sample_mflix.embedded_movies',
    firstBatch: [
      {
        id: '690366d5c32b9e59eb984fd0',
        name: 'vector_index',
        type: 'vectorSearch',
        latestDefinition: {
          type: 'vectorSearch',
          indexID: ObjectId('690366d5c32b9e59eb984fd0'),
          name: 'vector_index',
          database: 'sample_mflix',
          lastObservedCollectionName: 'embedded_movies',
          collectionUUID: UUID('191e5d75-0629-444c-a204-a76714ae5f20'),
          numPartitions: 1,
          fields: [
            {
              type: 'vector',
              path: 'plot_embedding_voyage_3_large',
              numDimensions: 2048,
              similarity: 'dotProduct',
              quantization: 'scalar'
            }
          ]
        }
      }
    ]
  },
  ok: 1,
  '$clusterTime': {
    clusterTime: Timestamp({ t: 1761830669, i: 1 }),
    signature: {
      hash: Binary.createFromBase64('wZgmhR/kvMRuEiTBPCDx1jkkuXQ=', 0),
      keyId: Long('7567003532486770694')
    }
  },
  operationTime: Timestamp({ t: 1761830669, i: 1 })
}
