Waiting for MongoDB resource to reach Running phase...
mongodb.mongodb.com/mdb-rs condition met

MongoDB resource
NAME     PHASE     VERSION     TYPE         AGE
mdb-rs   Running   8.2.0-ent   ReplicaSet   2m16s

Pods running in cluster kind-kind
NAME                                           READY   STATUS    RESTARTS   AGE
mdb-rs-0                                       1/1     Running   0          2m14s
mdb-rs-1                                       0/1     Running   0          109s
mdb-rs-2                                       1/1     Running   0          84s
mongodb-kubernetes-operator-57c6f46b47-jzppt   1/1     Running   0          2m18s
