
MongoDB resource
NAME     PHASE     VERSION     TYPE         AGE
mdb-rs   Running   8.2.0-ent   ReplicaSet   7m35s

MongoDBSearch resource
NAME     PHASE     AGE
mdb-rs   Running   5m38s

Pods running in cluster kind-kind
NAME                                           READY   STATUS    RESTARTS   AGE
mdb-rs-0                                       1/1     Running   0          7m33s
mdb-rs-1                                       1/1     Running   0          7m3s
mdb-rs-2                                       1/1     Running   0          6m39s
mdb-rs-search-0                                1/1     Running   0          3m33s
mongodb-kubernetes-operator-57c6f46b47-x5hmp   1/1     Running   0          7m37s
