{
  cursor: {
    id: 0,
    ns: 'sample_mflix.embedded_movies',
    firstBatch: [
      {
        id: '68fa18943ea3a013d0fe10f2',
        name: 'vector_index',
        type: 'vectorSearch',
        latestDefinition: {
          type: 'vectorSearch',
          indexID: ObjectId('68fa18943ea3a013d0fe10f2'),
          name: 'vector_index',
          database: 'sample_mflix',
          lastObservedCollectionName: 'embedded_movies',
          collectionUUID: UUID('9de75f65-f5d4-440d-8710-2dd2ab34f308'),
          numPartitions: 1,
          fields: [
            {
              type: 'vector',
              path: 'plot_embedding_voyage_3_large',
              numDimensions: 2048,
              similarity: 'dotProduct',
              quantization: 'scalar'
            }
          ]
        }
      }
    ]
  },
  ok: 1,
  '$clusterTime': {
    clusterTime: Timestamp({ t: 1761220814, i: 1 }),
    signature: {
      hash: Binary.createFromBase64('lTxxHteoWbxmL6M4EkgNb4m41x0=', 0),
      keyId: Long('7564384573098819589')
    }
  },
  operationTime: Timestamp({ t: 1761220814, i: 1 })
}
