Downloading sample database archive...
Detecting mongorestore TLS flag support...
Using --ssl with --sslCAFile
Restoring sample database with TLS
