
Waiting for Backup to reach Running phase...
mongodbopsmanager.mongodb.com/om condition met
Waiting for Application Database to reach Running phase...
mongodbopsmanager.mongodb.com/om condition met

Waiting for Ops Manager to reach Running phase...
mongodbopsmanager.mongodb.com/om condition met

MongoDBOpsManager resource
NAME   REPLICAS   VERSION   STATE (OPSMANAGER)   STATE (APPDB)   STATE (BACKUP)   AGE   WARNINGS
om                8.0.5     Running              Running         Running          18m   

Pods running in cluster gke_scratch-kubernetes-team_europe-central2-a_k8s-mdb-0-68f234754e9x96b9a1-23388
NAME        READY   STATUS    RESTARTS   AGE
om-0-0      1/1     Running   0          15m
om-db-0-0   3/3     Running   0          7m32s
om-db-0-1   3/3     Running   0          8m32s

Pods running in cluster gke_scratch-kubernetes-team_europe-central2-b_k8s-mdb-1-68f234754e9x96b9a1-23388
NAME        READY   STATUS    RESTARTS   AGE
om-1-0      1/1     Running   0          15m
om-1-1      1/1     Running   0          11m
om-db-1-0   3/3     Running   0          5m30s
om-db-1-1   3/3     Running   0          6m30s

Pods running in cluster gke_scratch-kubernetes-team_europe-central2-c_k8s-mdb-2-68f234754e9x96b9a1-23388
NAME                   READY   STATUS    RESTARTS   AGE
om-2-backup-daemon-0   1/1     Running   0          3m15s
om-db-2-0              3/3     Running   0          4m30s
