{
  authInfo: {
    authenticatedUsers: [ { user: 'sc-user', db: 'admin' } ],
    authenticatedUserRoles: [ { role: 'root', db: 'admin' } ]
  },
  ok: 1,
  '$clusterTime': {
    clusterTime: Timestamp({ t: 1760706905, i: 1 }),
    signature: {
      hash: Binary.createFromBase64('wa9VRSN9oq4iIfNTFsD28BKb+4E=', 0),
      keyId: Long('7562178226924027927')
    }
  },
  operationTime: Timestamp({ t: 1760706905, i: 1 })
}
