Waiting for Application Database to reach Running phase...
mongodbopsmanager.mongodb.com/om condition met

Waiting for Ops Manager to reach Running phase...
mongodbopsmanager.mongodb.com/om condition met

MongoDBOpsManager resource
NAME   REPLICAS   VERSION   STATE (OPSMANAGER)   STATE (APPDB)   STATE (BACKUP)   AGE   WARNINGS
om                8.0.5     Running              Running         Disabled         17m   

Pods running in cluster gke_scratch-kubernetes-team_europe-central2-a_k8s-mdb-0-mongodb-kubxbf4576-30508
NAME        READY   STATUS    RESTARTS   AGE
om-0-0      1/1     Running   0          11m
om-db-0-0   3/3     Running   0          3m38s
om-db-0-1   3/3     Running   0          4m36s

Pods running in cluster gke_scratch-kubernetes-team_europe-central2-b_k8s-mdb-1-mongodb-kubxbf4576-30508
NAME        READY   STATUS    RESTARTS   AGE
om-1-0      1/1     Running   0          11m
om-1-1      1/1     Running   0          7m27s
om-db-1-0   3/3     Running   0          106s
om-db-1-1   3/3     Running   0          2m42s
