{
  authInfo: {
    authenticatedUsers: [ { user: 'rs-user', db: 'admin' } ],
    authenticatedUserRoles: [ { role: 'root', db: 'admin' } ]
  },
  ok: 1,
  '$clusterTime': {
    clusterTime: Timestamp({ t: 1760706233, i: 1 }),
    signature: {
      hash: Binary.createFromBase64('HFpSzL0PW/nWa5P9w9WQDownGeo=', 0),
      keyId: Long('7562175564044304390')
    }
  },
  operationTime: Timestamp({ t: 1760706233, i: 1 })
}
