{
  cursor: {
    id: 0,
    ns: 'sample_mflix.embedded_movies',
    firstBatch: [
      {
        id: '68d3b26a615aff5e8d54ac70',
        name: 'vector_index',
        type: 'vectorSearch',
        latestDefinition: {
          type: 'vectorSearch',
          indexID: ObjectId('68d3b26a615aff5e8d54ac70'),
          name: 'vector_index',
          database: 'sample_mflix',
          lastObservedCollectionName: 'embedded_movies',
          collectionUUID: UUID('6c03ab77-57eb-4cf1-b103-9a4d30eef82f'),
          numPartitions: 1,
          fields: [
            {
              type: 'vector',
              path: 'plot_embedding_voyage_3_large',
              numDimensions: 2048,
              similarity: 'dotProduct',
              quantization: 'scalar'
            }
          ]
        }
      }
    ]
  },
  ok: 1,
  '$clusterTime': {
    clusterTime: Timestamp({ t: 1758704288, i: 1 }),
    signature: {
      hash: Binary.createFromBase64('XgUvry29G9klY4ZInniN8uAfb0E=', 0),
      keyId: Long('7553576970798235653')
    }
  },
  operationTime: Timestamp({ t: 1758704288, i: 1 })
}
