{
  cursor: {
    id: 0,
    ns: 'sample_mflix.movies',
    firstBatch: [
      {
        id: '69036a7f90c79a039b087fd8',
        name: 'default',
        type: 'search',
        latestDefinition: {
          indexID: ObjectId('69036a7f90c79a039b087fd8'),
          name: 'default',
          database: 'sample_mflix',
          lastObservedCollectionName: 'movies',
          collectionUUID: UUID('f5d1ba19-8947-4757-b17d-5ad79e464787'),
          numPartitions: 1,
          mappings: { dynamic: true, fields: {} },
          indexFeatureVersion: 3
        }
      }
    ]
  },
  ok: 1,
  '$clusterTime': {
    clusterTime: Timestamp({ t: 1761831604, i: 1 }),
    signature: {
      hash: Binary.createFromBase64('Pv6FTzmtUiW7ZzJWKr4lyKP22KI=', 0),
      keyId: Long('7567008690742493190')
    }
  },
  operationTime: Timestamp({ t: 1761831604, i: 1 })
}
