
MongoDBSearch resource
NAME   PHASE     AGE
mdbs   Running   34s

Search pods running in cluster kind-kind
NAME            READY   STATUS    RESTARTS   AGE
mdbs-search-0   1/1     Running   0          34s

All pods in namespace mongodb
NAME                                           READY   STATUS    RESTARTS   AGE
mdbc-rs-0                                      2/2     Running   0          3m5s
mdbc-rs-1                                      2/2     Running   0          2m1s
mdbc-rs-2                                      2/2     Running   0          74s
mdbs-search-0                                  1/1     Running   0          34s
mongodb-kubernetes-operator-57c6f46b47-xx97d   1/1     Running   0          3m8s
