Release "mongodb-kubernetes-operator-multi-cluster" does not exist. Installing it now.
NAME: mongodb-kubernetes-operator-multi-cluster
LAST DEPLOYED: Mon Aug 25 08:57:37 2025
NAMESPACE: mongodb-operator
STATUS: deployed
REVISION: 1
TEST SUITE: None
USER-SUPPLIED VALUES:
agent:
  version: 108.0.0.8694-1
customEnvVars: OM_DEBUG_HTTP=true
database:
  name: mongodb-kubernetes-database
  version: 68876175f5ad6d0007fdc1d4
initAppDb:
  version: 68876175f5ad6d0007fdc1d4
initDatabase:
  version: 68876175f5ad6d0007fdc1d4
initOpsManager:
  version: 68876175f5ad6d0007fdc1d4
managedSecurityContext: false
mongodb:
  imageType: ubi9
  name: mongodb-enterprise-server
multiCluster:
  clusters:
  - gke_scratch-kubernetes-team_europe-central2-a_k8s-mdb-0-68876175f5ad6d0007fdc1d4-31160
  - gke_scratch-kubernetes-team_europe-central2-b_k8s-mdb-1-68876175f5ad6d0007fdc1d4-31160
  - gke_scratch-kubernetes-team_europe-central2-c_k8s-mdb-2-68876175f5ad6d0007fdc1d4-31160
namespace: mongodb-operator
operator:
  createOperatorServiceAccount: false
  createResourcesServiceAccountsAndRoles: false
  enablePVCResize: true
  env: dev
  maxConcurrentReconciles: 10
  mdbDefaultArchitecture: non-static
  name: mongodb-kubernetes-operator-multi-cluster
  namespace: mongodb-operator
  telemetry:
    collection:
      frequency: 1m
    send:
      enabled: false
  version: 68876175f5ad6d0007fdc1d4
  watchNamespace: mongodb-om,mongodb
opsManager:
  name: mongodb-enterprise-ops-manager-ubi
registry:
  agent: 268558157000.dkr.ecr.us-east-1.amazonaws.com/dev
  appDb: 268558157000.dkr.ecr.us-east-1.amazonaws.com/dev
  database: 268558157000.dkr.ecr.us-east-1.amazonaws.com/dev
  imagePullSecrets: image-registries-secret
  initAppDb: 268558157000.dkr.ecr.us-east-1.amazonaws.com/dev
  initDatabase: 268558157000.dkr.ecr.us-east-1.amazonaws.com/dev
  initOpsManager: 268558157000.dkr.ecr.us-east-1.amazonaws.com/dev
  operator: 268558157000.dkr.ecr.us-east-1.amazonaws.com/dev
  opsManager: 268558157000.dkr.ecr.us-east-1.amazonaws.com/dev
search:
  community:
    name: mongodb-search-community
    repo: quay.io/mongodb
    version: 1.47.0

COMPUTED VALUES:
agent:
  name: mongodb-agent-ubi
  version: 108.0.0.8694-1
community:
  agent:
    name: mongodb-agent-ubi
    version: 108.0.2.8729-1
  mongodb:
    imageType: ubi8
    name: mongodb-community-server
    repo: quay.io/mongodb
  name: mongodb-database
  registry:
    agent: quay.io/mongodb
  resource:
    members: 3
    name: mongodb-replica-set
    tls:
      caCertificateSecretRef: tls-ca-key-pair
      certManager:
        certDuration: 8760h
        renewCertBefore: 720h
      certificateKeySecretRef: tls-certificate
      enabled: false
      sampleX509User: false
      useCertManager: true
      useX509: false
    version: 4.4.0
customEnvVars: OM_DEBUG_HTTP=true
database:
  name: mongodb-kubernetes-database
  version: 68876175f5ad6d0007fdc1d4
initAppDb:
  name: mongodb-kubernetes-init-appdb
  version: 68876175f5ad6d0007fdc1d4
initDatabase:
  name: mongodb-kubernetes-init-database
  version: 68876175f5ad6d0007fdc1d4
initOpsManager:
  name: mongodb-kubernetes-init-ops-manager
  version: 68876175f5ad6d0007fdc1d4
managedSecurityContext: false
mongodb:
  appdbAssumeOldFormat: false
  imageType: ubi9
  name: mongodb-enterprise-server
  repo: quay.io/mongodb
multiCluster:
  clusterClientTimeout: 10
  clusters:
  - gke_scratch-kubernetes-team_europe-central2-a_k8s-mdb-0-68876175f5ad6d0007fdc1d4-31160
  - gke_scratch-kubernetes-team_europe-central2-b_k8s-mdb-1-68876175f5ad6d0007fdc1d4-31160
  - gke_scratch-kubernetes-team_europe-central2-c_k8s-mdb-2-68876175f5ad6d0007fdc1d4-31160
  kubeConfigSecretName: mongodb-enterprise-operator-multi-cluster-kubeconfig
  performFailOver: true
namespace: mongodb-operator
operator:
  additionalArguments: []
  affinity: {}
  baseName: mongodb-kubernetes
  createOperatorServiceAccount: false
  createResourcesServiceAccountsAndRoles: false
  deployment_name: mongodb-kubernetes-operator
  enableClusterMongoDBRoles: true
  enablePVCResize: true
  env: dev
  maxConcurrentReconciles: 10
  mdbDefaultArchitecture: non-static
  name: mongodb-kubernetes-operator-multi-cluster
  namespace: mongodb-operator
  nodeSelector: {}
  operator_image_name: mongodb-kubernetes
  replicas: 1
  resources:
    limits:
      cpu: 1100m
      memory: 1Gi
    requests:
      cpu: 500m
      memory: 200Mi
  telemetry:
    collection:
      clusters: {}
      deployments: {}
      frequency: 1m
      operators: {}
    send:
      enabled: false
      frequency: 168h
  tolerations: []
  vaultSecretBackend:
    enabled: false
    tlsSecretRef: ""
  version: 68876175f5ad6d0007fdc1d4
  watchNamespace: mongodb-om,mongodb
  watchedResources:
  - mongodb
  - opsmanagers
  - mongodbusers
  - mongodbcommunity
  - mongodbsearch
  webhook:
    installClusterRole: true
    registerConfiguration: true
opsManager:
  name: mongodb-enterprise-ops-manager-ubi
readinessProbe:
  name: mongodb-kubernetes-readinessprobe
  version: 1.0.22
registry:
  agent: 268558157000.dkr.ecr.us-east-1.amazonaws.com/dev
  appDb: 268558157000.dkr.ecr.us-east-1.amazonaws.com/dev
  database: 268558157000.dkr.ecr.us-east-1.amazonaws.com/dev
  imagePullSecrets: image-registries-secret
  initAppDb: 268558157000.dkr.ecr.us-east-1.amazonaws.com/dev
  initDatabase: 268558157000.dkr.ecr.us-east-1.amazonaws.com/dev
  initOpsManager: 268558157000.dkr.ecr.us-east-1.amazonaws.com/dev
  operator: 268558157000.dkr.ecr.us-east-1.amazonaws.com/dev
  opsManager: 268558157000.dkr.ecr.us-east-1.amazonaws.com/dev
  pullPolicy: Always
  readinessProbe: quay.io/mongodb
  versionUpgradeHook: quay.io/mongodb
search:
  community:
    name: mongodb-search-community
    repo: quay.io/mongodb
    version: 1.47.0
versionUpgradeHook:
  name: mongodb-kubernetes-operator-version-upgrade-post-start-hook
  version: 1.0.9

HOOKS:
MANIFEST:
---
# Source: mongodb-kubernetes/templates/operator-roles-telemetry.yaml
# Additional ClusterRole for clusterVersionDetection
kind: ClusterRole
apiVersion: rbac.authorization.k8s.io/v1
metadata:
  name: mongodb-kubernetes-operator-multi-cluster-cluster-telemetry
rules:
  # Non-resource URL permissions
  - nonResourceURLs:
      - "/version"
    verbs:
      - get
  # Cluster-scoped resource permissions
  - apiGroups:
      - ''
    resources:
      - namespaces
    resourceNames:
      - kube-system
    verbs:
      - get
  - apiGroups:
      - ''
    resources:
      - nodes
    verbs:
      - list
---
# Source: mongodb-kubernetes/templates/operator-roles-webhook.yaml
kind: ClusterRole
apiVersion: rbac.authorization.k8s.io/v1
metadata:
  name: mongodb-kubernetes-operator-mongodb-webhook
rules:
  - apiGroups:
      - "admissionregistration.k8s.io"
    resources:
      - validatingwebhookconfigurations
    verbs:
      - get
      - create
      - update
      - delete
  - apiGroups:
      - ""
    resources:
      - services
    verbs:
      - get
      - list
      - watch
      - create
      - update
      - delete
---
# Source: mongodb-kubernetes/templates/operator-roles-telemetry.yaml
# ClusterRoleBinding for clusterVersionDetection
kind: ClusterRoleBinding
apiVersion: rbac.authorization.k8s.io/v1
metadata:
  name: mongodb-kubernetes-operator-multi-cluster-mongodb-operator-cluster-telemetry-binding
roleRef:
  apiGroup: rbac.authorization.k8s.io
  kind: ClusterRole
  name: mongodb-kubernetes-operator-multi-cluster-cluster-telemetry
subjects:
  - kind: ServiceAccount
    name: mongodb-kubernetes-operator-multi-cluster
    namespace: mongodb-operator
---
# Source: mongodb-kubernetes/templates/operator-roles-webhook.yaml
kind: ClusterRoleBinding
apiVersion: rbac.authorization.k8s.io/v1
metadata:
  name: mongodb-kubernetes-operator-multi-cluster-mongodb-operator-webhook-binding
roleRef:
  apiGroup: rbac.authorization.k8s.io
  kind: ClusterRole
  name: mongodb-kubernetes-operator-mongodb-webhook
subjects:
  - kind: ServiceAccount
    name: mongodb-kubernetes-operator-multi-cluster
    namespace: mongodb-operator
---
# Source: mongodb-kubernetes/templates/operator.yaml
apiVersion: apps/v1
kind: Deployment
metadata:
  name: mongodb-kubernetes-operator-multi-cluster
  namespace: mongodb-operator
spec:
  replicas: 1
  selector:
    matchLabels:
      app.kubernetes.io/component: controller
      app.kubernetes.io/name: mongodb-kubernetes-operator-multi-cluster
      app.kubernetes.io/instance: mongodb-kubernetes-operator-multi-cluster
  template:
    metadata:
      labels:
        app.kubernetes.io/component: controller
        app.kubernetes.io/name: mongodb-kubernetes-operator-multi-cluster
        app.kubernetes.io/instance: mongodb-kubernetes-operator-multi-cluster
    spec:
      serviceAccountName: mongodb-kubernetes-operator-multi-cluster
      securityContext:
        runAsNonRoot: true
        runAsUser: 2000
      imagePullSecrets:
        - name: image-registries-secret
      containers:
        - name: mongodb-kubernetes-operator-multi-cluster
          image: "268558157000.dkr.ecr.us-east-1.amazonaws.com/dev/mongodb-kubernetes:68876175f5ad6d0007fdc1d4"
          imagePullPolicy: Always
          args:
            - -watch-resource=mongodb
            - -watch-resource=opsmanagers
            - -watch-resource=mongodbusers
            - -watch-resource=mongodbcommunity
            - -watch-resource=mongodbsearch
            - -watch-resource=mongodbmulticluster
            - -watch-resource=clustermongodbroles
          command:
            - /usr/local/bin/mongodb-kubernetes-operator
          volumeMounts:
            - mountPath: /etc/config/kubeconfig
              name: kube-config-volume
          resources:
            limits:
              cpu: 1100m
              memory: 1Gi
            requests:
              cpu: 500m
              memory: 200Mi
          env:
            - name: OPERATOR_ENV
              value: dev
            - name: MDB_DEFAULT_ARCHITECTURE
              value: non-static
            - name: NAMESPACE
              valueFrom:
                fieldRef:
                  fieldPath: metadata.namespace
            - name: WATCH_NAMESPACE
              value: "mongodb-om,mongodb"
            - name: MDB_OPERATOR_TELEMETRY_COLLECTION_FREQUENCY
              value: "1m"
            - name: MDB_OPERATOR_TELEMETRY_SEND_ENABLED
              value: "false"
            - name: MDB_OPERATOR_TELEMETRY_SEND_FREQUENCY
              value: "168h"
            - name: CLUSTER_CLIENT_TIMEOUT
              value: "10"
            - name: IMAGE_PULL_POLICY
              value: Always
            # Database
            - name: MONGODB_ENTERPRISE_DATABASE_IMAGE
              value: 268558157000.dkr.ecr.us-east-1.amazonaws.com/dev/mongodb-kubernetes-database
            - name: INIT_DATABASE_IMAGE_REPOSITORY
              value: 268558157000.dkr.ecr.us-east-1.amazonaws.com/dev/mongodb-kubernetes-init-database
            - name: INIT_DATABASE_VERSION
              value: 68876175f5ad6d0007fdc1d4
            - name: DATABASE_VERSION
              value: 68876175f5ad6d0007fdc1d4
            # Ops Manager
            - name: OPS_MANAGER_IMAGE_REPOSITORY
              value: 268558157000.dkr.ecr.us-east-1.amazonaws.com/dev/mongodb-enterprise-ops-manager-ubi
            - name: INIT_OPS_MANAGER_IMAGE_REPOSITORY
              value: 268558157000.dkr.ecr.us-east-1.amazonaws.com/dev/mongodb-kubernetes-init-ops-manager
            - name: INIT_OPS_MANAGER_VERSION
              value: 68876175f5ad6d0007fdc1d4
            # AppDB
            - name: INIT_APPDB_IMAGE_REPOSITORY
              value: 268558157000.dkr.ecr.us-east-1.amazonaws.com/dev/mongodb-kubernetes-init-appdb
            - name: INIT_APPDB_VERSION
              value: 68876175f5ad6d0007fdc1d4
            - name: OPS_MANAGER_IMAGE_PULL_POLICY
              value: Always
            - name: AGENT_IMAGE
              value: "268558157000.dkr.ecr.us-east-1.amazonaws.com/dev/mongodb-agent-ubi:108.0.0.8694-1"
            - name: MDB_AGENT_IMAGE_REPOSITORY
              value: "268558157000.dkr.ecr.us-east-1.amazonaws.com/dev/mongodb-agent-ubi"
            - name: MONGODB_IMAGE
              value: mongodb-enterprise-server
            - name: MONGODB_REPO_URL
              value: quay.io/mongodb
            - name: MDB_IMAGE_TYPE
              value: ubi9
            - name: PERFORM_FAILOVER
              value: 'true'
            - name: IMAGE_PULL_SECRETS
              value: image-registries-secret
            - name: MDB_MAX_CONCURRENT_RECONCILES
              value: "10"
            - name: POD_NAME
              valueFrom:
                fieldRef:
                  fieldPath: metadata.name
            - name: OPERATOR_NAME
              value: mongodb-kubernetes-operator-multi-cluster
            # Community Env Vars Start
            - name: MDB_COMMUNITY_AGENT_IMAGE
              value: "quay.io/mongodb/mongodb-agent-ubi:108.0.2.8729-1"
            - name: VERSION_UPGRADE_HOOK_IMAGE
              value: "quay.io/mongodb/mongodb-kubernetes-operator-version-upgrade-post-start-hook:1.0.9"
            - name: READINESS_PROBE_IMAGE
              value: "quay.io/mongodb/mongodb-kubernetes-readinessprobe:1.0.22"
            - name: MDB_COMMUNITY_IMAGE
              value: "mongodb-community-server"
            - name: MDB_COMMUNITY_REPO_URL
              value: "quay.io/mongodb"
            - name: MDB_COMMUNITY_IMAGE_TYPE
              value: "ubi8"
            # Community Env Vars End
            - name: MDB_SEARCH_COMMUNITY_REPO_URL
              value: "quay.io/mongodb"
            - name: MDB_SEARCH_COMMUNITY_NAME
              value: "mongodb-search-community"
            - name: MDB_SEARCH_COMMUNITY_VERSION
              value: "1.47.0"
            - name: OM_DEBUG_HTTP
              value: 'true'
      volumes:
        - name: kube-config-volume
          secret:
            defaultMode: 420
            secretName: mongodb-enterprise-operator-multi-cluster-kubeconfig

test
