Checking cross-cluster DNS resolution and connectivity from echoserver1-0 in gke_scratch-kubernetes-team_europe-central2-b_k8s-mdb-1-68c84ae39afd870007044528-20491 to echoserver0-0
SUCCESS
