Checking cross-cluster DNS resolution and connectivity from echoserver0-0 in gke_scratch-kubernetes-team_europe-central2-a_k8s-mdb-0-68876175f5ad6d0007fdc1d4-31160 to echoserver2-0
SUCCESS
