Checking cross-cluster DNS resolution and connectivity from echoserver0-0 in gke_scratch-kubernetes-team_europe-central2-a_k8s-mdb-0-68f2471ee64xb170a5-21855 to echoserver1-0
SUCCESS
