Nodes in cluster gke_scratch-kubernetes-team_europe-central2-a_k8s-mdb-0-68c83135559fe800072cea69-23792
NAME                                                  STATUS   ROLES    AGE   VERSION
gke-k8s-mdb-0-68c8313555-default-pool-5433f933-1d0g   Ready    <none>   31s   v1.33.4-gke.1036000
gke-k8s-mdb-0-68c8313555-default-pool-5433f933-vxgb   Ready    <none>   30s   v1.33.4-gke.1036000
gke-k8s-mdb-0-68c8313555-default-pool-5433f933-x445   Ready    <none>   30s   v1.33.4-gke.1036000

Nodes in cluster gke_scratch-kubernetes-team_europe-central2-b_k8s-mdb-1-68c83135559fe800072cea69-23792
NAME                                                  STATUS   ROLES    AGE     VERSION
gke-k8s-mdb-1-68c8313555-default-pool-b19a83e9-4gt7   Ready    <none>   2m44s   v1.33.4-gke.1036000
gke-k8s-mdb-1-68c8313555-default-pool-b19a83e9-hcj4   Ready    <none>   2m44s   v1.33.4-gke.1036000
gke-k8s-mdb-1-68c8313555-default-pool-b19a83e9-v0n5   Ready    <none>   2m44s   v1.33.4-gke.1036000

Nodes in cluster gke_scratch-kubernetes-team_europe-central2-c_k8s-mdb-2-68c83135559fe800072cea69-23792
NAME                                                  STATUS   ROLES    AGE     VERSION
gke-k8s-mdb-2-68c8313555-default-pool-87948530-tkzh   Ready    <none>   3m12s   v1.33.4-gke.1036000
