Checking cross-cluster DNS resolution and connectivity from echoserver2-0 in gke_scratch-kubernetes-team_europe-central2-c_k8s-mdb-2-68ca8a70f93xc723d3-19864 to echoserver1-0
SUCCESS
