{
  authInfo: {
    authenticatedUsers: [ { user: 'rs-user', db: 'admin' } ],
    authenticatedUserRoles: [ { role: 'root', db: 'admin' } ]
  },
  ok: 1,
  '$clusterTime': {
    clusterTime: Timestamp({ t: 1760711333, i: 1 }),
    signature: {
      hash: Binary.createFromBase64('00yu+r7svaUuHJIvWQ6TzhYU93w=', 0),
      keyId: Long('7562197537096990726')
    }
  },
  operationTime: Timestamp({ t: 1760711333, i: 1 })
}
