Waiting for Application Database to reach Running phase...
mongodbopsmanager.mongodb.com/om condition met

Waiting for Ops Manager to reach Running phase...
mongodbopsmanager.mongodb.com/om condition met

MongoDBOpsManager resource
NAME   REPLICAS   VERSION   STATE (OPSMANAGER)   STATE (APPDB)   STATE (BACKUP)   AGE   WARNINGS
om                8.0.5     Running              Running         Disabled         19m   

Pods running in cluster gke_scratch-kubernetes-team_europe-central2-a_k8s-mdb-0-68f25188a7fx45bd8c-24255
NAME        READY   STATUS    RESTARTS   AGE
om-0-0      2/2     Running   0          2m15s
om-db-0-0   4/4     Running   0          8m30s
om-db-0-1   4/4     Running   0          10m
om-db-0-2   4/4     Running   0          12m

Pods running in cluster gke_scratch-kubernetes-team_europe-central2-b_k8s-mdb-1-68f25188a7fx45bd8c-24255
NAME        READY   STATUS    RESTARTS   AGE
om-1-0      2/2     Running   0          2m46s
om-db-1-0   4/4     Running   0          7m23s
om-db-1-1   4/4     Running   0          5m23s
