"jetstack" has been added to your repositories
test
