Waiting for Application Database to reach Running phase...
mongodbopsmanager.mongodb.com/om condition met

Waiting for Ops Manager to reach Running phase...
mongodbopsmanager.mongodb.com/om condition met

MongoDBOpsManager resource
NAME   REPLICAS   VERSION   STATE (OPSMANAGER)   STATE (APPDB)   STATE (BACKUP)   AGE   WARNINGS
om                8.0.5     Running              Running         Disabled         11m   

Pods running in cluster gke_scratch-kubernetes-team_europe-central2-a_k8s-mdb-0-68ca8a70f93xc723d3-19864
NAME        READY   STATUS    RESTARTS   AGE
om-0-0      2/2     Running   0          9m1s
om-db-0-0   4/4     Running   0          43s
om-db-0-1   4/4     Running   0          2m51s
om-db-0-2   4/4     Running   0          4m16s

Pods running in cluster gke_scratch-kubernetes-team_europe-central2-b_k8s-mdb-1-68ca8a70f93xc723d3-19864
